* Host test-payment.momo.vn:443 was resolved.
* IPv6: (none)
* IPv4: 210.245.113.71
*   Trying 210.245.113.71:443...
* Connected to test-payment.momo.vn (210.245.113.71) port 443
* ALPN: curl offers h2,http/1.1
* SSL connection using TLSv1.2 / ECDHE-RSA-CHACHA20-POLY1305 / X25519 / RSASSA-PSS
* ALPN: server accepted h2
* Server certificate:
*  subject: C=VN; ST=Ho Chi Minh; L=Ho Chi Minh; O=Online Mobile Services Joint Stock Company; CN=*.momo.vn
*  start date: Dec  5 06:41:07 2024 GMT
*  expire date: Jan  6 06:41:06 2026 GMT
*  issuer: C=BE; O=GlobalSign nv-sa; CN=GlobalSign RSA OV SSL CA 2018
*  SSL certificate verify result: self-signed certificate in certificate chain (19), continuing anyway.
*   Certificate level 0: Public key type RSA (2048/112 Bits/secBits), signed using sha256WithRSAEncryption
*   Certificate level 1: Public key type RSA (2048/112 Bits/secBits), signed using sha256WithRSAEncryption
*   Certificate level 2: Public key type RSA (2048/112 Bits/secBits), signed using sha256WithRSAEncryption
* using HTTP/2
* [HTTP/2] [1] OPENED stream for https://test-payment.momo.vn/v2/gateway/api/create
* [HTTP/2] [1] [:method: POST]
* [HTTP/2] [1] [:scheme: https]
* [HTTP/2] [1] [:authority: test-payment.momo.vn]
* [HTTP/2] [1] [:path: /v2/gateway/api/create]
* [HTTP/2] [1] [accept: */*]
* [HTTP/2] [1] [content-type: application/json]
* [HTTP/2] [1] [content-length: 496]
> POST /v2/gateway/api/create HTTP/2
Host: test-payment.momo.vn
Accept: */*
Content-Type: application/json
Content-Length: 496

* upload completely sent off: 496 bytes
< HTTP/2 200 
< server: nginx
< date: Sat, 06 Dec 2025 07:35:59 GMT
< content-type: application/json
< vary: Accept-Encoding
< x-content-type-options: nosniff
< x-xss-protection: 1; mode=block
< pragma: no-cache
< strict-transport-security: max-age=15768000
< 
* Connection #0 to host test-payment.momo.vn left intact
